2025-08-04 02:38:11,994 - INFO - Logging to file: logs\ingredientmappingprocessor_20250804_023811.log
2025-08-04 02:38:11,995 - INFO - Extra logger initialized: mapping_details
2025-08-04 02:38:11,995 - INFO - Logger initialized: IngredientMappingProcessor
2025-08-04 02:38:11,996 - INFO - Ingredient Mapping Processor initialized with batch_size=25
2025-08-04 02:38:11,996 - INFO - Starting ingredient mapping process
2025-08-04 02:38:12,168 - INFO - Loading extended ingredients...
2025-08-04 02:38:12,196 - INFO - Loaded 3401 extended ingredients
2025-08-04 02:38:12,197 - INFO - Loading unprocessed ingredients...
2025-08-04 02:38:12,208 - INFO - Processing sample of 100 ingredients
2025-08-04 02:38:14,580 - INFO - Processing batch 1/4
2025-08-04 02:38:18,584 - INFO - Processing batch of 25 ingredients with AI
2025-08-04 02:38:32,405 - INFO - Batch processed: 19 mappings created, 0 errors
2025-08-04 02:38:32,456 - INFO - Saved 19 mappings to database
2025-08-04 02:38:32,457 - INFO - Progress: 25.0% - Total mappings created: 19
2025-08-04 02:38:32,459 - INFO - Processing batch 2/4
2025-08-04 02:38:36,460 - INFO - Processing batch of 25 ingredients with AI
2025-08-04 02:38:50,014 - INFO - Batch processed: 25 mappings created, 0 errors
2025-08-04 02:38:50,031 - INFO - Saved 25 mappings to database
2025-08-04 02:38:50,032 - INFO - Progress: 50.0% - Total mappings created: 44
2025-08-04 02:38:50,032 - INFO - Processing batch 3/4
2025-08-04 02:38:54,033 - INFO - Processing batch of 25 ingredients with AI
2025-08-04 02:39:07,493 - INFO - Batch processed: 5 mappings created, 0 errors
2025-08-04 02:39:07,500 - INFO - Saved 5 mappings to database
2025-08-04 02:39:07,501 - INFO - Progress: 75.0% - Total mappings created: 49
2025-08-04 02:39:07,501 - INFO - Processing batch 4/4
2025-08-04 02:39:11,503 - INFO - Processing batch of 25 ingredients with AI
2025-08-04 02:39:18,889 - INFO - Batch processed: 5 mappings created, 0 errors
2025-08-04 02:39:18,903 - INFO - Saved 5 mappings to database
2025-08-04 02:39:18,904 - INFO - Progress: 100.0% - Total mappings created: 54
2025-08-04 02:39:18,904 - INFO - 
                Processing Complete!
                Duration: 0:01:06.908056
                Total mappings created: 54
                Total errors: 0
                Ingredients processed: 100
                Success rate: 100.0%
                
2025-08-04 02:39:18,909 - INFO - Database stats: (91, 0, 62, 2, Decimal('0.955'))
2025-08-04 02:39:18,910 - INFO - Database connection closed
