2025-08-04 13:53:15,278 - INFO - Logging to file: logs\ingredientmappingprocessor_20250804_135315.log
2025-08-04 13:53:15,327 - INFO - Extra logger initialized: mapping_details
2025-08-04 13:53:15,327 - INFO - Logger initialized: IngredientMappingProcessor
2025-08-04 13:53:15,327 - INFO - Ingredient Mapping Processor initialized with batch_size=25
2025-08-04 13:53:15,327 - INFO - Starting ingredient mapping process
2025-08-04 13:53:15,415 - INFO - Loading extended ingredients...
2025-08-04 13:53:15,456 - INFO - Loaded 3410 extended ingredients
2025-08-04 13:53:15,456 - INFO - Loading unprocessed ingredients...
2025-08-04 13:53:15,480 - INFO - Processing sample of 100 ingredients
2025-08-04 13:53:15,480 - INFO - Processing batch 1/4
2025-08-04 13:53:19,481 - INFO - Processing batch of 25 ingredients with AI
2025-08-04 13:53:37,686 - INFO - Batch processed: 23 mappings created, 0 errors
2025-08-04 13:53:37,755 - INFO - Saved 23 mappings to database
2025-08-04 13:53:37,756 - INFO - Progress: 25.0% - Total mappings created: 23
2025-08-04 13:53:37,756 - INFO - Processing batch 2/4
2025-08-04 13:53:41,759 - INFO - Processing batch of 25 ingredients with AI
2025-08-04 13:54:00,375 - INFO - Batch processed: 20 mappings created, 0 errors
2025-08-04 13:54:00,406 - INFO - Saved 20 mappings to database
2025-08-04 13:54:00,406 - INFO - Progress: 50.0% - Total mappings created: 43
2025-08-04 13:54:00,406 - INFO - Processing batch 3/4
2025-08-04 13:54:04,407 - INFO - Processing batch of 25 ingredients with AI
2025-08-04 13:54:17,531 - INFO - Batch processed: 12 mappings created, 0 errors
2025-08-04 13:54:17,553 - INFO - Saved 12 mappings to database
2025-08-04 13:54:17,554 - INFO - Progress: 75.0% - Total mappings created: 55
2025-08-04 13:54:17,554 - INFO - Processing batch 4/4
2025-08-04 13:54:21,555 - INFO - Processing batch of 25 ingredients with AI
2025-08-04 13:54:36,435 - INFO - Batch processed: 17 mappings created, 0 errors
2025-08-04 13:54:36,453 - INFO - Saved 17 mappings to database
2025-08-04 13:54:36,453 - INFO - Progress: 100.0% - Total mappings created: 72
2025-08-04 13:54:36,453 - INFO - 
                Processing Complete!
                Duration: 0:01:21.126054
                Total mappings created: 72
                Total errors: 0
                Ingredients processed: 100
                Success rate: 100.0%
                
2025-08-04 13:54:36,464 - INFO - Database stats: (236, 0, 171, 18, Decimal('0.963'))
2025-08-04 13:54:36,464 - INFO - Database connection closed
