2025-08-04 13:19:12,311 - INFO - Logging to file: logs\ingredientmappingprocessor_20250804_131912.log
2025-08-04 13:19:12,354 - INFO - Extra logger initialized: mapping_details
2025-08-04 13:19:12,355 - INFO - Logger initialized: IngredientMappingProcessor
2025-08-04 13:19:12,355 - INFO - Ingredient Mapping Processor initialized with batch_size=25
2025-08-04 13:19:12,355 - INFO - Starting ingredient mapping process
2025-08-04 13:19:12,429 - INFO - Loading extended ingredients...
2025-08-04 13:19:12,457 - INFO - Loaded 3410 extended ingredients
2025-08-04 13:19:12,457 - INFO - Loading unprocessed ingredients...
2025-08-04 13:19:12,472 - INFO - Processing sample of 10 ingredients
2025-08-04 13:19:12,473 - INFO - Processing batch 1/1
2025-08-04 13:19:16,473 - INFO - Processing batch of 10 ingredients with AI
2025-08-04 13:19:23,089 - INFO - Batch processed: 9 mappings created, 0 errors
2025-08-04 13:19:23,135 - INFO - Saved 9 mappings to database
2025-08-04 13:19:23,136 - INFO - Progress: 100.0% - Total mappings created: 9
2025-08-04 13:19:23,136 - INFO - 
                Processing Complete!
                Duration: 0:00:10.781081
                Total mappings created: 9
                Total errors: 0
                Ingredients processed: 10
                Success rate: 100.0%
                
2025-08-04 13:19:23,140 - INFO - Database stats: (160, 0, 109, 7, Decimal('0.956'))
2025-08-04 13:19:23,141 - INFO - Database connection closed
