2025-08-04 02:34:57,933 - INFO - Logging to file: logs\ingredientmappingprocessor_20250804_023457.log
2025-08-04 02:34:57,977 - INFO - Extra logger initialized: mapping_details
2025-08-04 02:34:57,977 - INFO - Logger initialized: IngredientMappingProcessor
2025-08-04 02:34:57,978 - INFO - Ingredient Mapping Processor initialized with batch_size=25
2025-08-04 02:34:57,978 - INFO - Starting ingredient mapping process
2025-08-04 02:34:58,081 - INFO - Loading extended ingredients...
2025-08-04 02:34:58,109 - INFO - Loaded 3401 extended ingredients
2025-08-04 02:34:58,110 - INFO - Loading unprocessed ingredients...
2025-08-04 02:34:58,126 - INFO - Processing sample of 5 ingredients
2025-08-04 02:34:58,126 - INFO - Processing batch 1/1
2025-08-04 02:35:02,128 - INFO - Processing batch of 5 ingredients with AI
2025-08-04 02:35:05,851 - INFO - Batch processed: 4 mappings created, 0 errors
2025-08-04 02:35:05,887 - INFO - Saved 4 mappings to database
2025-08-04 02:35:05,889 - INFO - Progress: 100.0% - Total mappings created: 4
2025-08-04 02:35:05,890 - INFO - 
                Processing Complete!
                Duration: 0:00:07.911551
                Total mappings created: 4
                Total errors: 0
                Ingredients processed: 5
                Success rate: 100.0%
                
2025-08-04 02:35:05,900 - INFO - Database stats: (37, 0, 33, 0, Decimal('0.980'))
2025-08-04 02:35:05,902 - INFO - Database connection closed
