2025-08-04 14:45:23,485 - INFO - Logging to file: logs\ingredientmappingprocessor_20250804_144523.log
2025-08-04 14:45:23,485 - INFO - Extra logger initialized: mapping_details
2025-08-04 14:45:23,486 - INFO - Logger initialized: IngredientMappingProcessor
2025-08-04 14:45:23,486 - INFO - Ingredient Mapping Processor initialized with batch_size=25
2025-08-04 14:45:23,486 - INFO - Starting ingredient mapping process
2025-08-04 14:45:23,557 - INFO - Loading extended ingredients...
2025-08-04 14:45:23,592 - INFO - Loaded 3421 extended ingredients
2025-08-04 14:45:23,592 - INFO - Loading unprocessed ingredients...
2025-08-04 14:45:23,619 - INFO - Processing sample of 20 ingredients
2025-08-04 14:45:23,620 - INFO - Processing batch 1/1
2025-08-04 14:45:27,621 - INFO - Processing batch of 20 ingredients with AI
2025-08-04 14:45:38,995 - INFO - Batch processed: 7 mappings created, 0 errors
2025-08-04 14:45:39,088 - INFO - Saved 7 mappings to database
2025-08-04 14:45:39,088 - INFO - Progress: 100.0% - Total mappings created: 7
2025-08-04 14:45:39,089 - INFO - 
                Processing Complete!
                Duration: 0:00:15.602937
                Total mappings created: 7
                Total errors: 0
                Ingredients processed: 20
                Success rate: 100.0%
                
2025-08-04 14:45:39,100 - INFO - Database stats: (360, 0, 241, 35, Decimal('0.950'))
2025-08-04 14:45:39,101 - INFO - Database connection closed
