2025-08-04 13:23:02,488 - INFO - ACCEPTED: vitd -> Vitamin D
Confidence: 0.95
Method: typo_fix
Notes: Typo corrected and mapped to the standard name for Vitamin D.
Issues: 
--------------------------------------------------
2025-08-04 13:23:02,488 - INFO - REJECTED: immunoglobin -> NO MAPPING
Confidence: 0.8
Reason: 'NO MAPPING' not found in extended ingredients database
Notes: Needs Research. Suspect misspelled immunoglobulin
--------------------------------------------------
2025-08-04 13:23:02,489 - INFO - REJECTED: canolaoil -> NO MAPPING
Confidence: 0.8
Reason: 'NO MAPPING' not found in extended ingredients database
Notes: Needs Research. Suspect misspelled canola oil
--------------------------------------------------
2025-08-04 13:23:02,490 - INFO - REJECTED: gms-se -> NO MAPPING
Confidence: 0.8
Reason: 'NO MAPPING' not found in extended ingredients database
Notes: Needs Research.
--------------------------------------------------
2025-08-04 13:23:02,490 - INFO - REJECTED: prebiotic prebiotic amylase protease lipase mintextract turmerc -> NO MAPPING
Confidence: 0.8
Reason: 'NO MAPPING' not found in extended ingredients database
Notes: Needs Research.
--------------------------------------------------
2025-08-04 13:23:02,490 - INFO - ACCEPTED: garlic -> Allium sativum
Confidence: 0.9
Method: fuzzy
Notes: Mapped to the scientific name for garlic, allium sativum.
Issues: 
--------------------------------------------------
2025-08-04 13:23:02,490 - INFO - REJECTED: l arginine -> NO MAPPING
Confidence: 0.8
Reason: 'NO MAPPING' not found in extended ingredients database
Notes: Needs Research.
--------------------------------------------------
2025-08-04 13:23:02,491 - INFO - REJECTED: herbal mixture -> NO MAPPING
Confidence: 0.8
Reason: 'NO MAPPING' not found in extended ingredients database
Notes: Needs Research. This is a generic term that requires more specific information.
--------------------------------------------------
2025-08-04 13:23:02,491 - INFO - REJECTED: titanum dioxide -> NO MAPPING
Confidence: 0.8
Reason: 'NO MAPPING' not found in extended ingredients database
Notes: Needs Research. Suspect misspelled titanium dioxide.
--------------------------------------------------
2025-08-04 13:23:02,491 - INFO - REJECTED: metronidozole-neomycin -> NO MAPPING
Confidence: 0.8
Reason: 'NO MAPPING' not found in extended ingredients database
Notes: Needs Research.
--------------------------------------------------
2025-08-04 13:23:02,491 - INFO - REJECTED: metronidozole-neomycin -> NO MAPPING
Confidence: 0.8
Reason: 'NO MAPPING' not found in extended ingredients database
Notes: Needs Research.
--------------------------------------------------
2025-08-04 13:23:02,491 - INFO - REJECTED: DILL SEED -> NO MAPPING
Confidence: 0.8
Reason: 'NO MAPPING' not found in extended ingredients database
Notes: Needs Research.
--------------------------------------------------
2025-08-04 13:23:02,491 - INFO - REJECTED: darifenacin -> NO MAPPING
Confidence: 0.8
Reason: 'NO MAPPING' not found in extended ingredients database
Notes: Needs Research.
--------------------------------------------------
2025-08-04 13:23:02,491 - INFO - REJECTED: nitrofurazone -> NO MAPPING
Confidence: 0.8
Reason: 'NO MAPPING' not found in extended ingredients database
Notes: Needs Research.
--------------------------------------------------
2025-08-04 13:23:02,492 - INFO - ACCEPTED: vitamin a (retinol)-vitamin d -> Vitamin A
Confidence: 0.9
Method: fuzzy
Notes: Mapped to Vitamin A.
Issues: 
--------------------------------------------------
2025-08-04 13:23:02,492 - INFO - ACCEPTED: vitamin a (retinol)-vitamin d -> Vitamin D
Confidence: 0.9
Method: fuzzy
Notes: Mapped to Vitamin D.
Issues: 
--------------------------------------------------
2025-08-04 13:23:02,492 - INFO - REJECTED: curcmin -> NO MAPPING
Confidence: 0.8
Reason: 'NO MAPPING' not found in extended ingredients database
Notes: Needs Research. Suspect misspelled curcumin.
--------------------------------------------------
